
========== EFFICIENCY CALC ==========
Discard 2万 -> Shanten: 4, Ukeire: 65
Discard 4万 -> Shanten: 5, Ukeire: 79
Discard 5万 -> Shanten: 4, Ukeire: 61
Discard 8万 -> Shanten: 5, Ukeire: 85
Discard 9万 -> Shanten: 5, Ukeire: 85
Discard 2筒 -> Shanten: 5, Ukeire: 85
Discard 4筒 -> Shanten: 5, Ukeire: 89
Discard 7筒 -> Shanten: 4, Ukeire: 59
Discard 6索 -> Shanten: 4, Ukeire: 61
Discard 8索 -> Shanten: 5, Ukeire: 79
Discard 9索 -> Shanten: 4, Ukeire: 61
Discard 东 -> Shanten: 4, Ukeire: 75
Discard 北 -> Shanten: 4, Ukeire: 75
Discard 中 -> Shanten: 4, Ukeire: 75

========== EFFICIENCY CALC ==========
Discard 2万 -> Shanten: 4, Ukeire: 75
Discard 4万 -> Shanten: 4, Ukeire: 71
Discard 5万 -> Shanten: 4, Ukeire: 75
Discard 8万 -> Shanten: 4, Ukeire: 68
Discard 9万 -> Shanten: 4, Ukeire: 68
Discard 2筒 -> Shanten: 4, Ukeire: 68
Discard 4筒 -> Shanten: 4, Ukeire: 72
Discard 7筒 -> Shanten: 3, Ukeire: 22
Discard 6索 -> Shanten: 3, Ukeire: 22
Discard 8索 -> Shanten: 4, Ukeire: 65
Discard 9索 -> Shanten: 3, Ukeire: 22
Discard 北 -> Shanten: 3, Ukeire: 22
Discard 中 -> Shanten: 3, Ukeire: 22
